// Jest Snapshot v1, https://goo.gl/fbAQLP

exports[`NavtabsComponent renders into nav element 1`] = `
<nav
  className="nav"
>
  <NavLink
    activeClassName="linkActive"
    ariaCurrent="page"
    className="link"
    to="/timetable/sem-1"
  >
    <React.Memo />
    <span
      className="title"
    >
      Timetable
    </span>
  </NavLink>
  <NavLink
    activeClassName="linkActive"
    ariaCurrent="page"
    className="link"
    to="/modules"
  >
    <React.Memo />
    <span
      className="title"
    >
      Modules
    </span>
  </NavLink>
  <NavLink
    activeClassName="linkActive"
    ariaCurrent="page"
    className="link"
    onFocus={[Function]}
    onMouseOver={[Function]}
    to="/venues"
  >
    <React.Memo />
    <span
      className="title"
    >
      Venues
    </span>
  </NavLink>
  <NavLink
    activeClassName="linkActive"
    ariaCurrent="page"
    className="link"
    to="/settings"
  >
    <React.Memo />
    <span
      className="title"
    >
      Settings
    </span>
  </NavLink>
  <NavLink
    activeClassName="linkActive"
    ariaCurrent="page"
    className="link hiddenOnMobile"
    onFocus={[Function]}
    onMouseOver={[Function]}
    to="/contribute"
  >
    <React.Memo />
    <span
      className="title"
    >
      Contribute
    </span>
  </NavLink>
  <div
    className="divider"
  />
  <ExternalLink
    className="link hiddenOnMobile"
    href="https://nuswhispers.com"
  >
    <React.Memo />
    <span
      className="title"
    >
      Whispers
    </span>
  </ExternalLink>
</nav>
`;
